   Compiling comandos-extensions v0.1.0 (/work/crates/comandos-extensions)
error[E0432]: unresolved imports `crate::output_schema::dialect::SelectedDialect`, `crate::output_schema::dialect::select_with_default`
 --> crates/comandos-extensions/src/output_schema/traversal.rs:4:41
  |
4 |     use crate::output_schema::dialect::{SelectedDialect, select_with_default};
  |                                         ^^^^^^^^^^^^^^^  ^^^^^^^^^^^^^^^^^^^ no `select_with_default` in `output_schema::dialect`
  |                                         |
  |                                         no `SelectedDialect` in `output_schema::dialect`

warning: unused import: `super::*`
 --> crates/comandos-extensions/src/output_schema/traversal.rs:3:9
  |
3 |     use super::*;
  |         ^^^^^^^^
  |
  = note: `#[warn(unused_imports)]` (part of `#[warn(unused)]`) on by default

error[E0433]: cannot find type `GapKind` in this scope
  --> crates/comandos-extensions/src/output_schema/traversal.rs:18:77
   |
18 |                 SelectedDialect::Draft3 => Err(EvalFailure::ScopeGap {kind: GapKind::Draft3, schema_pointer: String::new()}),
   |                                                                             ^^^^^^^ use of undeclared type `GapKind`

error[E0433]: cannot find type `Mode` in this scope
  --> crates/comandos-extensions/src/output_schema/traversal.rs:19:130
   |
19 | ...stance, draft, if row["mode"] == "FirstError" {Mode::FirstError} else {Mode::ExhaustErrors}),
   |                                                   ^^^^ use of undeclared type `Mode`

error[E0433]: cannot find type `Mode` in this scope
  --> crates/comandos-extensions/src/output_schema/traversal.rs:19:154
   |
19 | ...ode"] == "FirstError" {Mode::FirstError} else {Mode::ExhaustErrors}),
   |                                                   ^^^^ use of undeclared type `Mode`

error[E0425]: cannot find function `evaluate_checked` in this scope
  --> crates/comandos-extensions/src/output_schema/traversal.rs:19:54
   |
19 | ...   SelectedDialect::Supported(draft) => evaluate_checked(&schema, &instance, draft, if row["mode"] == "FirstError" {Mode::FirstEr...
   |                                            ^^^^^^^^^^^^^^^^ not found in this scope

error[E0425]: cannot find function `result_tag` in this scope
  --> crates/comandos-extensions/src/output_schema/traversal.rs:22:24
   |
22 |             assert_eq!(result_tag(&result), expected, "{}", row["name"]);
   |                        ^^^^^^^^^^ not found in this scope

error[E0433]: cannot find type `EvalFailure` in this scope
  --> crates/comandos-extensions/src/output_schema/traversal.rs:18:48
   |
18 |                 SelectedDialect::Draft3 => Err(EvalFailure::ScopeGap {kind: GapKind::Draft3, schema_pointer: String::new()}),
   |                                                ^^^^^^^^^^^ use of undeclared type `EvalFailure`

Some errors have detailed explanations: E0425, E0432, E0433.
For more information about an error, try `rustc --explain E0425`.
warning: `comandos-extensions` (lib test) generated 1 warning
error: could not compile `comandos-extensions` (lib test) due to 7 previous errors; 1 warning emitted
